// Jest Snapshot v1, https://goo.gl/fbAQLP

exports[`Home component 1`] = `
<RCTSafeAreaView
  emulateUnlessSupported={true}
  style={
    Object {
      "alignItems": "center",
      "backgroundColor": "lightskyblue",
      "flex": 1,
      "justifyContent": "center",
      "padding": 10,
    }
  }
  testID="home"
>
  <TextInput
    keyboardType="numeric"
    onChangeText={[Function]}
    placeholder="Enter number of Parking Lots"
    placeholderTextColor="grey"
    style={
      Object {
        "borderColor": "grey",
        "borderRadius": 5,
        "borderWidth": 1,
        "marginBottom": 10,
        "padding": 5,
      }
    }
    testID="txt"
  />
  <View
    accessibilityRole="button"
    accessibilityState={
      Object {
        "disabled": true,
      }
    }
    accessible={true}
    collapsable={false}
    focusable={true}
    onClick={[Function]}
    onResponderGrant={[Function]}
    onResponderMove={[Function]}
    onResponderRelease={[Function]}
    onResponderTerminate={[Function]}
    onResponderTerminationRequest={[Function]}
    onStartShouldSetResponder={[Function]}
    style={
      Object {
        "opacity": 1,
      }
    }
    testID="btn"
  >
    <View
      style={
        Array [
          Object {},
          Object {},
        ]
      }
    >
      <Text
        disabled={true}
        style={
          Array [
            Object {
              "color": "#007AFF",
              "fontSize": 18,
              "margin": 8,
              "textAlign": "center",
            },
            Object {
              "color": "orange",
            },
            Object {
              "color": "#cdcdcd",
            },
          ]
        }
      >
        Submit
      </Text>
    </View>
  </View>
</RCTSafeAreaView>
`;
