// Jest Snapshot v1, https://goo.gl/fbAQLP

exports[`Lots component 1`] = `
<RCTSafeAreaView
  emulateUnlessSupported={true}
  style={
    Object {
      "backgroundColor": "lightgreen",
      "flex": 1,
      "padding": 10,
    }
  }
  testID="lots"
>
  <Modal
    animationType="slide"
    hardwareAccelerated={false}
    testID="add"
    visible={false}
  />
  <Modal
    animationType="slide"
    hardwareAccelerated={false}
    onShow={[Function]}
    testID="remove"
    visible={false}
  />
  <View
    accessible={true}
    collapsable={false}
    focusable={false}
    onClick={[Function]}
    onResponderGrant={[Function]}
    onResponderMove={[Function]}
    onResponderRelease={[Function]}
    onResponderTerminate={[Function]}
    onResponderTerminationRequest={[Function]}
    onStartShouldSetResponder={[Function]}
    style={
      Object {
        "alignItems": "center",
        "display": "flex",
        "justifyContent": "space-between",
        "opacity": 1,
        "width": "100%",
      }
    }
  >
    <RCTScrollView
      data={
        Array [
          Object {
            "free": true,
            "id": 0,
            "reg": "",
            "start": 1899-12-30T18:38:50.000Z,
          },
          Object {
            "free": true,
            "id": 1,
            "reg": "",
            "start": 1899-12-30T18:38:50.000Z,
          },
        ]
      }
      getItem={[Function]}
      getItemCount={[Function]}
      horizontal={false}
      keyExtractor={[Function]}
      onContentSizeChange={[Function]}
      onLayout={[Function]}
      onMomentumScrollBegin={[Function]}
      onMomentumScrollEnd={[Function]}
      onScroll={[Function]}
      onScrollBeginDrag={[Function]}
      onScrollEndDrag={[Function]}
      removeClippedSubviews={false}
      renderItem={[Function]}
      scrollEventThrottle={50}
      stickyHeaderIndices={Array []}
      testID="list"
      viewabilityConfigCallbackPairs={Array []}
    >
      <View>
        <View
          onLayout={[Function]}
          style={null}
        >
          <View
            style={
              Object {
                "flexDirection": "row",
              }
            }
          >
            <View
              accessible={true}
              collapsable={false}
              focusable={true}
              onClick={[Function]}
              onResponderGrant={[Function]}
              onResponderMove={[Function]}
              onResponderRelease={[Function]}
              onResponderTerminate={[Function]}
              onResponderTerminationRequest={[Function]}
              onStartShouldSetResponder={[Function]}
              style={
                Object {
                  "opacity": 1,
                }
              }
              testID="test-0"
            >
              <View
                style={
                  Object {
                    "alignItems": "center",
                    "backgroundColor": "blue",
                    "borderRadius": 10,
                    "display": "flex",
                    "flexDirection": "row",
                    "height": "auto",
                    "justifyContent": "center",
                    "margin": "10px",
                    "marginHorizontal": 10,
                    "marginRight": "20px",
                    "marginVertical": 15,
                    "minWidth": "30%",
                    "padding": 10,
                    "width": "fitcontent",
                  }
                }
              >
                <Text
                  style={
                    Object {
                      "color": "white",
                    }
                  }
                >
                  P
                  0
                </Text>
                <Text
                  style={
                    Object {
                      "color": "white",
                    }
                  }
                >
                  Free
                </Text>
              </View>
            </View>
            <View
              accessible={true}
              collapsable={false}
              focusable={true}
              onClick={[Function]}
              onResponderGrant={[Function]}
              onResponderMove={[Function]}
              onResponderRelease={[Function]}
              onResponderTerminate={[Function]}
              onResponderTerminationRequest={[Function]}
              onStartShouldSetResponder={[Function]}
              style={
                Object {
                  "opacity": 1,
                }
              }
              testID="test-1"
            >
              <View
                style={
                  Object {
                    "alignItems": "center",
                    "backgroundColor": "blue",
                    "borderRadius": 10,
                    "display": "flex",
                    "flexDirection": "row",
                    "height": "auto",
                    "justifyContent": "center",
                    "margin": "10px",
                    "marginHorizontal": 10,
                    "marginRight": "20px",
                    "marginVertical": 15,
                    "minWidth": "30%",
                    "padding": 10,
                    "width": "fitcontent",
                  }
                }
              >
                <Text
                  style={
                    Object {
                      "color": "white",
                    }
                  }
                >
                  P
                  1
                </Text>
                <Text
                  style={
                    Object {
                      "color": "white",
                    }
                  }
                >
                  Free
                </Text>
              </View>
            </View>
          </View>
        </View>
      </View>
    </RCTScrollView>
    <View
      style={
        Object {
          "alignItems": "center",
          "display": "flex",
          "justifyContent": "center",
          "minHeight": "90vh",
          "width": "100%",
        }
      }
    >
      <View
        style={
          Object {
            "width": "30%",
          }
        }
      >
        <View
          accessibilityRole="button"
          accessible={true}
          collapsable={false}
          focusable={true}
          onClick={[Function]}
          onResponderGrant={[Function]}
          onResponderMove={[Function]}
          onResponderRelease={[Function]}
          onResponderTerminate={[Function]}
          onResponderTerminationRequest={[Function]}
          onStartShouldSetResponder={[Function]}
          style={
            Object {
              "opacity": 1,
            }
          }
          testID="btnadd"
        >
          <View
            style={
              Array [
                Object {},
              ]
            }
          >
            <Text
              style={
                Array [
                  Object {
                    "color": "#007AFF",
                    "fontSize": 18,
                    "margin": 8,
                    "textAlign": "center",
                  },
                  Object {
                    "color": "orange",
                  },
                ]
              }
            >
              Add Vehicle
            </Text>
          </View>
        </View>
      </View>
    </View>
  </View>
</RCTSafeAreaView>
`;
